09:41:04 **** Incremental Build of configuration Debug for project MASTER_MASTER ****
make -j12 all 
arm-none-eabi-gcc "../Core/Src/main.c" -mcpu=cortex-m4 -std=gnu11 -g3 -DDEBUG -DUSE_HAL_DRIVER -DSTM32F303xE -c -I../Core/Inc -I../Drivers/STM32F3xx_HAL_Driver/Inc/Legacy -I../Drivers/STM32F3xx_HAL_Driver/Inc -I../Drivers/CMSIS/Device/ST/STM32F3xx/Include -I../Drivers/CMSIS/Include -O0 -ffunction-sections -fdata-sections -Wall -fstack-usage -fcyclomatic-complexity -MMD -MP -MF"Core/Src/main.d" -MT"Core/Src/main.o" --specs=nano.specs -mfpu=fpv4-sp-d16 -mfloat-abi=hard -mthumb -o "Core/Src/main.o"
../Core/Src/main.c: In function 'main':
../Core/Src/main.c:111:18: warning: implicit declaration of function 'sprintf' [-Wimplicit-function-declaration]
  111 |   uart_buf_len = sprintf(uart_buf, "LISTO PARA ENVIAR");
      |                  ^~~~~~~
../Core/Src/main.c:21:1: note: include '<stdio.h>' or provide a declaration of 'sprintf'
   20 | #include "main.h"
  +++ |+#include <stdio.h>
   21 | 
../Core/Src/main.c:111:18: warning: incompatible implicit declaration of built-in function 'sprintf' [-Wbuiltin-declaration-mismatch]
  111 |   uart_buf_len = sprintf(uart_buf, "LISTO PARA ENVIAR");
      |                  ^~~~~~~
../Core/Src/main.c:111:18: note: include '<stdio.h>' or provide a declaration of 'sprintf'
../Core/Src/main.c:116:37: warning: passing argument 2 of 'HAL_UART_Receive' from incompatible pointer type [-Wincompatible-pointer-types]
  116 |       if (HAL_UART_Receive(&huart2, &slave_selector, 1, HAL_MAX_DELAY) == HAL_OK)
      |                                     ^~~~~~~~~~~~~~~
      |                                     |
      |                                     int *
In file included from ../Core/Inc/stm32f3xx_hal_conf.h:327,
                 from ../Drivers/STM32F3xx_HAL_Driver/Inc/stm32f3xx_hal.h:29,
                 from ../Core/Inc/main.h:30,
                 from ../Core/Src/main.c:20:
../Drivers/STM32F3xx_HAL_Driver/Inc/stm32f3xx_hal_uart.h:1487:72: note: expected 'uint8_t *' {aka 'unsigned char *'} but argument is of type 'int *'
 1487 | HAL_StatusTypeDef HAL_UART_Receive(UART_HandleTypeDef *huart, uint8_t *pData, uint16_t Size, uint32_t Timeout);
      |                                                               ~~~~~~~~~^~~~~
arm-none-eabi-gcc -o "MASTER_MASTER.elf" @"objects.list"   -mcpu=cortex-m4 -T"C:\Users\artur\STM32CubeIDE\workspace_1.16.0\TAREA_GONZALO\AHORAYA\MASTER_MASTER\STM32F303RETX_FLASH.ld" --specs=nosys.specs -Wl,-Map="MASTER_MASTER.map" -Wl,--gc-sections -static --specs=nano.specs -mfpu=fpv4-sp-d16 -mfloat-abi=hard -mthumb -Wl,--start-group -lc -lm -Wl,--end-group
Finished building target: MASTER_MASTER.elf
 
arm-none-eabi-size  MASTER_MASTER.elf 
arm-none-eabi-objdump -h -S MASTER_MASTER.elf  > "MASTER_MASTER.list"
   text	   data	    bss	    dec	    hex	filename
  20212	     92	   2308	  22612	   5854	MASTER_MASTER.elf
Finished building: default.size.stdout
 
Finished building: MASTER_MASTER.list
 

09:41:05 Build Finished. 0 errors, 3 warnings. (took 919ms)

